// Jest Snapshot v1, https://goo.gl/fbAQLP

exports[`Garden TailwindCSS Plugin Bedrock reset applies preflight styles when disabled 1`] = `
"/*
! tailwindcss v3.4.10 | MIT License | https://tailwindcss.com
*//*
1. Prevent padding and border from affecting element width. (https://github.com/mozdevs/cssremedy/issues/4)
2. Allow adding a border to an element by just adding a border-width. (https://github.com/tailwindcss/tailwindcss/pull/116)
*/

*,
::before,
::after {
  box-sizing: border-box; /* 1 */
  border-width: 0; /* 2 */
  border-style: solid; /* 2 */
  border-color: #d8dcde; /* 2 */
}

::before,
::after {
  --tw-content: '';
}

/*
1. Use a consistent sensible line-height in all browsers.
2. Prevent adjustments of font size after orientation changes in iOS.
3. Use a more readable tab size.
4. Use the user's configured \`sans\` font-family by default.
5. Use the user's configured \`sans\` font-feature-settings by default.
6. Use the user's configured \`sans\` font-variation-settings by default.
7. Disable tap highlights on iOS
*/

html,
:host {
  line-height: 1.5; /* 1 */
  -webkit-text-size-adjust: 100%; /* 2 */
  -moz-tab-size: 4; /* 3 */
  tab-size: 4; /* 3 */
  font-family: system-ui, -apple-system, BlinkMacSystemFont, "Segoe UI", Roboto, Oxygen-Sans, Ubuntu, Cantarell, "Helvetica Neue", Arial, sans-serif; /* 4 */
  font-feature-settings: normal; /* 5 */
  font-variation-settings: normal; /* 6 */
  -webkit-tap-highlight-color: transparent; /* 7 */
}

/*
1. Remove the margin in all browsers.
2. Inherit line-height from \`html\` so users can set them as a class directly on the \`html\` element.
*/

body {
  margin: 0; /* 1 */
  line-height: inherit; /* 2 */
}

/*
1. Add the correct height in Firefox.
2. Correct the inheritance of border color in Firefox. (https://bugzilla.mozilla.org/show_bug.cgi?id=190655)
3. Ensure horizontal rules are visible by default.
*/

hr {
  height: 0; /* 1 */
  color: inherit; /* 2 */
  border-top-width: 1px; /* 3 */
}

/*
Add the correct text decoration in Chrome, Edge, and Safari.
*/

abbr:where([title]) {
  text-decoration: underline dotted;
}

/*
Remove the default font size and weight for headings.
*/

h1,
h2,
h3,
h4,
h5,
h6 {
  font-size: inherit;
  font-weight: inherit;
}

/*
Reset links to optimize for opt-in styling instead of opt-out.
*/

a {
  color: inherit;
  text-decoration: inherit;
}

/*
Add the correct font weight in Edge and Safari.
*/

b,
strong {
  font-weight: bolder;
}

/*
1. Use the user's configured \`mono\` font-family by default.
2. Use the user's configured \`mono\` font-feature-settings by default.
3. Use the user's configured \`mono\` font-variation-settings by default.
4. Correct the odd \`em\` font sizing in all browsers.
*/

code,
kbd,
samp,
pre {
  font-family: SFMono-Regular, Consolas, "Liberation Mono", Menlo, Courier, monospace; /* 1 */
  font-feature-settings: normal; /* 2 */
  font-variation-settings: normal; /* 3 */
  font-size: 1em; /* 4 */
}

/*
Add the correct font size in all browsers.
*/

small {
  font-size: 80%;
}

/*
Prevent \`sub\` and \`sup\` elements from affecting the line height in all browsers.
*/

sub,
sup {
  font-size: 75%;
  line-height: 0;
  position: relative;
  vertical-align: baseline;
}

sub {
  bottom: -0.25em;
}

sup {
  top: -0.5em;
}

/*
1. Remove text indentation from table contents in Chrome and Safari. (https://bugs.chromium.org/p/chromium/issues/detail?id=999088, https://bugs.webkit.org/show_bug.cgi?id=201297)
2. Correct table border color inheritance in all Chrome and Safari. (https://bugs.chromium.org/p/chromium/issues/detail?id=935729, https://bugs.webkit.org/show_bug.cgi?id=195016)
3. Remove gaps between table borders by default.
*/

table {
  text-indent: 0; /* 1 */
  border-color: inherit; /* 2 */
  border-collapse: collapse; /* 3 */
}

/*
1. Change the font styles in all browsers.
2. Remove the margin in Firefox and Safari.
3. Remove default padding in all browsers.
*/

button,
input,
optgroup,
select,
textarea {
  font-family: inherit; /* 1 */
  font-feature-settings: inherit; /* 1 */
  font-variation-settings: inherit; /* 1 */
  font-size: 100%; /* 1 */
  font-weight: inherit; /* 1 */
  line-height: inherit; /* 1 */
  letter-spacing: inherit; /* 1 */
  color: inherit; /* 1 */
  margin: 0; /* 2 */
  padding: 0; /* 3 */
}

/*
Remove the inheritance of text transform in Edge and Firefox.
*/

button,
select {
  text-transform: none;
}

/*
1. Correct the inability to style clickable types in iOS and Safari.
2. Remove default button styles.
*/

button,
input:where([type='button']),
input:where([type='reset']),
input:where([type='submit']) {
  -webkit-appearance: button; /* 1 */
  background-color: transparent; /* 2 */
  background-image: none; /* 2 */
}

/*
Use the modern Firefox focus style for all focusable elements.
*/

:-moz-focusring {
  outline: auto;
}

/*
Remove the additional \`:invalid\` styles in Firefox. (https://github.com/mozilla/gecko-dev/blob/2f9eacd9d3d995c937b4251a5557d95d494c9be1/layout/style/res/forms.css#L728-L737)
*/

:-moz-ui-invalid {
  box-shadow: none;
}

/*
Add the correct vertical alignment in Chrome and Firefox.
*/

progress {
  vertical-align: baseline;
}

/*
Correct the cursor style of increment and decrement buttons in Safari.
*/

::-webkit-inner-spin-button,
::-webkit-outer-spin-button {
  height: auto;
}

/*
1. Correct the odd appearance in Chrome and Safari.
2. Correct the outline style in Safari.
*/

[type='search'] {
  -webkit-appearance: textfield; /* 1 */
  outline-offset: -2px; /* 2 */
}

/*
Remove the inner padding in Chrome and Safari on macOS.
*/

::-webkit-search-decoration {
  -webkit-appearance: none;
}

/*
1. Correct the inability to style clickable types in iOS and Safari.
2. Change font properties to \`inherit\` in Safari.
*/

::-webkit-file-upload-button {
  -webkit-appearance: button; /* 1 */
  font: inherit; /* 2 */
}

/*
Add the correct display in Chrome and Safari.
*/

summary {
  display: list-item;
}

/*
Removes the default spacing and border for appropriate elements.
*/

blockquote,
dl,
dd,
h1,
h2,
h3,
h4,
h5,
h6,
hr,
figure,
p,
pre {
  margin: 0;
}

fieldset {
  margin: 0;
  padding: 0;
}

legend {
  padding: 0;
}

ol,
ul,
menu {
  list-style: none;
  margin: 0;
  padding: 0;
}

/*
Reset default styling for dialogs.
*/
dialog {
  padding: 0;
}

/*
Prevent resizing textareas horizontally by default.
*/

textarea {
  resize: vertical;
}

/*
1. Reset the default placeholder opacity in Firefox. (https://github.com/tailwindlabs/tailwindcss/issues/3300)
2. Set the default placeholder color to the user's configured gray 400 color.
*/

input::placeholder,
textarea::placeholder {
  opacity: 1; /* 1 */
  color: #9ca3af; /* 2 */
}

/*
Set the default cursor for buttons.
*/

button,
[role="button"] {
  cursor: pointer;
}

/*
Make sure disabled buttons don't get the pointer cursor.
*/
:disabled {
  cursor: default;
}

/*
1. Make replaced elements \`display: block\` by default. (https://github.com/mozdevs/cssremedy/issues/14)
2. Add \`vertical-align: middle\` to align replaced elements more sensibly by default. (https://github.com/jensimmons/cssremedy/issues/14#issuecomment-634934210)
   This can trigger a poorly considered lint error in some tools but is included by design.
*/

img,
svg,
video,
canvas,
audio,
iframe,
embed,
object {
  display: block; /* 1 */
  vertical-align: middle; /* 2 */
}

/*
Constrain images and videos to the parent width and preserve their intrinsic aspect ratio. (https://github.com/mozdevs/cssremedy/issues/14)
*/

img,
video {
  max-width: 100%;
  height: auto;
}

/* Make elements with the HTML hidden attribute stay hidden by default */
[hidden] {
  display: none;
}

*, ::before, ::after {
  --tw-border-spacing-x: 0;
  --tw-border-spacing-y: 0;
  --tw-translate-x: 0;
  --tw-translate-y: 0;
  --tw-rotate: 0;
  --tw-skew-x: 0;
  --tw-skew-y: 0;
  --tw-scale-x: 1;
  --tw-scale-y: 1;
  --tw-pan-x:  ;
  --tw-pan-y:  ;
  --tw-pinch-zoom:  ;
  --tw-scroll-snap-strictness: proximity;
  --tw-gradient-from-position:  ;
  --tw-gradient-via-position:  ;
  --tw-gradient-to-position:  ;
  --tw-ordinal:  ;
  --tw-slashed-zero:  ;
  --tw-numeric-figure:  ;
  --tw-numeric-spacing:  ;
  --tw-numeric-fraction:  ;
  --tw-ring-inset:  ;
  --tw-ring-offset-width: 0px;
  --tw-ring-offset-color: #fff;
  --tw-ring-color: rgb(51 127 189 / 0.5);
  --tw-ring-offset-shadow: 0 0 #0000;
  --tw-ring-shadow: 0 0 #0000;
  --tw-shadow: 0 0 #0000;
  --tw-shadow-colored: 0 0 #0000;
  --tw-blur:  ;
  --tw-brightness:  ;
  --tw-contrast:  ;
  --tw-grayscale:  ;
  --tw-hue-rotate:  ;
  --tw-invert:  ;
  --tw-saturate:  ;
  --tw-sepia:  ;
  --tw-drop-shadow:  ;
  --tw-backdrop-blur:  ;
  --tw-backdrop-brightness:  ;
  --tw-backdrop-contrast:  ;
  --tw-backdrop-grayscale:  ;
  --tw-backdrop-hue-rotate:  ;
  --tw-backdrop-invert:  ;
  --tw-backdrop-opacity:  ;
  --tw-backdrop-saturate:  ;
  --tw-backdrop-sepia:  ;
  --tw-contain-size:  ;
  --tw-contain-layout:  ;
  --tw-contain-paint:  ;
  --tw-contain-style:  ;
}

::backdrop {
  --tw-border-spacing-x: 0;
  --tw-border-spacing-y: 0;
  --tw-translate-x: 0;
  --tw-translate-y: 0;
  --tw-rotate: 0;
  --tw-skew-x: 0;
  --tw-skew-y: 0;
  --tw-scale-x: 1;
  --tw-scale-y: 1;
  --tw-pan-x:  ;
  --tw-pan-y:  ;
  --tw-pinch-zoom:  ;
  --tw-scroll-snap-strictness: proximity;
  --tw-gradient-from-position:  ;
  --tw-gradient-via-position:  ;
  --tw-gradient-to-position:  ;
  --tw-ordinal:  ;
  --tw-slashed-zero:  ;
  --tw-numeric-figure:  ;
  --tw-numeric-spacing:  ;
  --tw-numeric-fraction:  ;
  --tw-ring-inset:  ;
  --tw-ring-offset-width: 0px;
  --tw-ring-offset-color: #fff;
  --tw-ring-color: rgb(51 127 189 / 0.5);
  --tw-ring-offset-shadow: 0 0 #0000;
  --tw-ring-shadow: 0 0 #0000;
  --tw-shadow: 0 0 #0000;
  --tw-shadow-colored: 0 0 #0000;
  --tw-blur:  ;
  --tw-brightness:  ;
  --tw-contrast:  ;
  --tw-grayscale:  ;
  --tw-hue-rotate:  ;
  --tw-invert:  ;
  --tw-saturate:  ;
  --tw-sepia:  ;
  --tw-drop-shadow:  ;
  --tw-backdrop-blur:  ;
  --tw-backdrop-brightness:  ;
  --tw-backdrop-contrast:  ;
  --tw-backdrop-grayscale:  ;
  --tw-backdrop-hue-rotate:  ;
  --tw-backdrop-invert:  ;
  --tw-backdrop-opacity:  ;
  --tw-backdrop-saturate:  ;
  --tw-backdrop-sepia:  ;
  --tw-contain-size:  ;
  --tw-contain-layout:  ;
  --tw-contain-paint:  ;
  --tw-contain-style:  ;
}"
`;

exports[`Garden TailwindCSS Plugin Bedrock reset is applied by default 1`] = `
"/*!
 * Copyright Zendesk, Inc.
 *
 * Use of this source code is governed under the Apache License, Version 2.0
 * found at http://www.apache.org/licenses/LICENSE-2.0.
 */

*,:after,:before{
	box-sizing:border-box;
}

html{
	font-family:system-ui,Segoe UI,Roboto,Helvetica,Arial,sans-serif,Apple Color Emoji,Segoe UI Emoji;
	line-height:1.15;
	-webkit-text-size-adjust:100%;
	-moz-tab-size:4;
	-o-tab-size:4;
	   tab-size:4;
}

body{
	margin:0;
}

hr{
	height:0;
	color:inherit;
}

abbr[title]{
	text-decoration:underline;
	-webkit-text-decoration:underline dotted;
	        text-decoration:underline dotted;
}

b,strong{
	font-weight:bolder;
}

code,kbd,pre,samp{
	font-family:ui-monospace,SFMono-Regular,Consolas,Liberation Mono,Menlo,monospace;
	font-size:1em;
}

small{
	font-size:80%;
}

sub,sup{
	font-size:75%;
	line-height:0;
	position:relative;
	vertical-align:baseline;
}

sub{
	bottom:-.25em;
}

sup{
	top:-.5em;
}

table{
	text-indent:0;
	border-color:inherit;
}

button,input,optgroup,select,textarea{
	font-size:100%;
	line-height:1.15;
	margin:0;
}

button,select{
	text-transform:none;
}

[type=button],[type=reset],[type=submit],button{
	-webkit-appearance:button;
}

::-moz-focus-inner{
	border-style:none;
	padding:0;
}

:-moz-focusring{
	outline:1px dotted ButtonText;
}

:-moz-ui-invalid{
	box-shadow:none;
}

legend{
	padding:0;
}

progress{
	vertical-align:baseline;
}

::-webkit-inner-spin-button,::-webkit-outer-spin-button{
	height:auto;
}

[type=search]{
	-webkit-appearance:textfield;
	outline-offset:-2px;
}

::-webkit-search-decoration{
	-webkit-appearance:none;
}

::-webkit-file-upload-button{
	-webkit-appearance:button;
	font:inherit;
}

summary{
	display:list-item;
}

:root{
  --zd-color-black:#000;
  --zd-color-green-100:#edf8f4;
  --zd-color-green-200:#d1e8df;
  --zd-color-green-300:#aecfc2;
  --zd-color-green-400:#5eae91;
  --zd-color-green-500:#228f67;
  --zd-color-green-600:#038153;
  --zd-color-green-700:#186146;
  --zd-color-green-800:#0b3b29;
  --zd-color-grey-100:#f8f9f9;
  --zd-color-grey-200:#e9ebed;
  --zd-color-grey-300:#d8dcde;
  --zd-color-grey-400:#c2c8cc;
  --zd-color-grey-500:#87929d;
  --zd-color-grey-600:#68737d;
  --zd-color-grey-700:#49545c;
  --zd-color-grey-800:#2f3941;
  --zd-color-blue-100:#edf7ff;
  --zd-color-blue-200:#cee2f2;
  --zd-color-blue-300:#adcce4;
  --zd-color-blue-400:#5293c7;
  --zd-color-blue-500:#337fbd;
  --zd-color-blue-600:#1f73b7;
  --zd-color-blue-700:#144a75;
  --zd-color-blue-800:#0f3554;
  --zd-color-kale-100:#f5fcfc;
  --zd-color-kale-200:#daeded;
  --zd-color-kale-300:#bdd9d7;
  --zd-color-kale-400:#90bbbb;
  --zd-color-kale-500:#467b7c;
  --zd-color-kale-600:#17494d;
  --zd-color-kale-700:#03363d;
  --zd-color-kale-800:#012b30;
  --zd-color-red-100:#fff0f1;
  --zd-color-red-200:#f5d5d8;
  --zd-color-red-300:#f5b5ba;
  --zd-color-red-400:#e35b66;
  --zd-color-red-500:#d93f4c;
  --zd-color-red-600:#cc3340;
  --zd-color-red-700:#8c232c;
  --zd-color-red-800:#681219;
  --zd-color-yellow-100:#fff7ed;
  --zd-color-yellow-200:#ffeedb;
  --zd-color-yellow-300:#fed6a8;
  --zd-color-yellow-400:#ffb057;
  --zd-color-yellow-500:#f79a3e;
  --zd-color-yellow-600:#ed8f1c;
  --zd-color-yellow-700:#ad5918;
  --zd-color-yellow-800:#703815;
  --zd-color-white:#fff;
  --zd-color-secondary-azure-400:#3091ec;
  --zd-color-secondary-azure-600:#1371d6;
  --zd-color-secondary-crimson-400:#e34f32;
  --zd-color-secondary-crimson-600:#c72a1c;
  --zd-color-secondary-fuschia-400:#d653c2;
  --zd-color-secondary-fuschia-600:#a81897;
  --zd-color-secondary-lemon-400:#ffd424;
  --zd-color-secondary-lemon-600:#ffbb10;
  --zd-color-secondary-lime-400:#43b324;
  --zd-color-secondary-lime-600:#2e8200;
  --zd-color-secondary-mint-400:#00a656;
  --zd-color-secondary-mint-600:#058541;
  --zd-color-secondary-orange-400:#de701d;
  --zd-color-secondary-orange-600:#bf5000;
  --zd-color-secondary-pink-400:#ec4d63;
  --zd-color-secondary-pink-600:#d42054;
  --zd-color-secondary-purple-400:#b552e2;
  --zd-color-secondary-purple-600:#6a27b8;
  --zd-color-secondary-royal-400:#5d7df5;
  --zd-color-secondary-royal-600:#3353e2;
  --zd-color-secondary-teal-400:#02a191;
  --zd-color-secondary-teal-600:#028079;
  --zd-color-secondary-azure-M400:#5f8dcf;
  --zd-color-secondary-azure-M600:#3a70b2;
  --zd-color-secondary-crimson-M400:#cc6c5b;
  --zd-color-secondary-crimson-M600:#b24a3c;
  --zd-color-secondary-fuschia-M400:#cf62a8;
  --zd-color-secondary-fuschia-M600:#a8458c;
  --zd-color-secondary-lemon-M400:#e7a500;
  --zd-color-secondary-lemon-M600:#c38f00;
  --zd-color-secondary-lime-M400:#519e2d;
  --zd-color-secondary-lime-M600:#47782c;
  --zd-color-secondary-mint-M400:#299c66;
  --zd-color-secondary-mint-M600:#2e8057;
  --zd-color-secondary-orange-M400:#d4772c;
  --zd-color-secondary-orange-M600:#b35827;
  --zd-color-secondary-pink-M400:#d57287;
  --zd-color-secondary-pink-M600:#b23a5d;
  --zd-color-secondary-purple-M400:#b072cc;
  --zd-color-secondary-purple-M600:#9358b0;
  --zd-color-secondary-royal-M400:#7986d8;
  --zd-color-secondary-royal-M600:#4b61c3;
  --zd-color-secondary-teal-M400:#2d9e8f;
  --zd-color-secondary-teal-M600:#3c7873;
  --zd-color-chat-orange:#f79a3e;
  --zd-color-connect-red:#ff6224;
  --zd-color-explore-blue:#30aabc;
  --zd-color-gather-pink:#f6c8be;
  --zd-color-guide-pink:#ff6224;
  --zd-color-message-green:#37b8af;
  --zd-color-sell-gold:#c38f00;
  --zd-color-support-green:#00a656;
  --zd-color-talk-yellow:#efc93d;
  --zd-font-family-monospace:SFMono-Regular, Consolas, "Liberation Mono", Menlo, Courier, monospace;
  --zd-font-family-system:system-ui, -apple-system, BlinkMacSystemFont, "Segoe UI", Roboto, Oxygen-Sans, Ubuntu, Cantarell, "Helvetica Neue", Arial, sans-serif;
  --zd-font-size-xs:10px;
  --zd-font-size-sm:12px;
  --zd-font-size-md:14px;
  --zd-font-size-lg:18px;
  --zd-font-size-xl:22px;
  --zd-font-size-xxl:26px;
  --zd-font-size-xxxl:36px;
  --zd-font-size-sm-monospace:11px;
  --zd-font-size-md-monospace:13px;
  --zd-font-size-lg-monospace:17px;
  --zd-font-weight-thin:100;
  --zd-font-weight-extralight:200;
  --zd-font-weight-light:300;
  --zd-font-weight-regular:400;
  --zd-font-weight-medium:500;
  --zd-font-weight-semibold:600;
  --zd-font-weight-bold:700;
  --zd-font-weight-extrabold:800;
  --zd-font-weight-black:900;
  --zd-font-weight-ultralight:200;
  --zd-font-weight-ultrabold:800;
  --zd-font-weight-heavy:900;
  --zd-line-height-sm:16px;
  --zd-line-height-md:20px;
  --zd-line-height-lg:24px;
  --zd-line-height-xl:28px;
  --zd-line-height-xxl:32px;
  --zd-line-height-xxxl:44px;
  --zd-spacing-xxs:4px;
  --zd-spacing-xs:8px;
  --zd-spacing-sm:12px;
  --zd-spacing:20px;
  --zd-spacing-lg:32px;
  --zd-spacing-xl:40px;
  --zd-spacing-xxl:48px;
  --zd-anchor-color:var(--zd-color-blue-600);
  --zd-html-background-color:var(--zd-color-white);
  --zd-html-box-sizing:border-box;
  --zd-html-font-family:var(--zd-font-family-system);
  --zd-html-font-feature-settings:"kern";
  --zd-html-font-kerning:normal;
  --zd-html-font-size:var(--zd-font-size-md);
  --zd-html-line-height:var(--zd-spacing);
  --zd-html-text-color:var(--zd-color-grey-800);
}

html{
  background-color:#fff;
  min-height:100%;
  box-sizing:border-box;
  overflow-y:scroll;
  line-height:20px;
  color:#2f3941;
  font-feature-settings:"kern", normal;
  font-kerning:normal;
  font-family:system-ui,-apple-system,BlinkMacSystemFont,Segoe UI,Roboto,Oxygen-Sans,Ubuntu,Cantarell,Helvetica Neue,Arial,sans-serif;
  font-size:14px;
}

*{ font-weight:inherit; }

*,:after,:before{ box-sizing:inherit; }

a{
  transition:outline-color .1s ease-in-out,color .25s ease-in-out;
  outline:2px solid transparent;
  outline-offset:1px;
  border-radius:4px;
  color:#1f73b7;
}

a,ins,u{ -webkit-text-decoration:none; text-decoration:none; }

a:hover{
  -webkit-text-decoration:underline;
  text-decoration:underline;
  color:#144a75;
}

a:active{
  color:#0f3554;
}

a:focus-visible{
  outline-color:#1f73b7;
  -webkit-text-decoration:none;
  text-decoration:none;
}

a:focus-visible:hover{
  -webkit-text-decoration:underline;
  text-decoration:underline;
}

b{ font-weight:600; }

button{
  cursor:pointer;
  padding:0;
}

button,input,optgroup,select,textarea{
  line-height:inherit;
  font-family:inherit;
}

code{ font-size:.95em; }

code,kbd,pre,samp{ font-family:SFMono-Regular,Consolas,Liberation Mono,Menlo,Courier,monospace; }

em{ font-style:inherit; }

fieldset,iframe{ border:0; }

h1,h2,h3,h4,h5,h6{ font-size:inherit; }

blockquote,dd,dl,fieldset,figure,h1,h2,h3,h4,h5,h6,hr,ol,p,pre,ul{
  margin:0;
  padding:0;
}

hr{
  border:none;
  border-top:1px solid;
}

ol,ul{ list-style:none; }

img{ max-width:100%; }

strong{ font-weight:inherit; }

svg{ max-height:100%; }

[tabindex="-1"]:focus{ outline:none !important; }


*, ::before, ::after{
--tw-border-spacing-x:0;
--tw-border-spacing-y:0;
--tw-translate-x:0;
--tw-translate-y:0;
--tw-rotate:0;
--tw-skew-x:0;
--tw-skew-y:0;
--tw-scale-x:1;
--tw-scale-y:1;
--tw-pan-x: ;
--tw-pan-y: ;
--tw-pinch-zoom: ;
--tw-scroll-snap-strictness:proximity;
--tw-gradient-from-position: ;
--tw-gradient-via-position: ;
--tw-gradient-to-position: ;
--tw-ordinal: ;
--tw-slashed-zero: ;
--tw-numeric-figure: ;
--tw-numeric-spacing: ;
--tw-numeric-fraction: ;
--tw-ring-inset: ;
--tw-ring-offset-width:0px;
--tw-ring-offset-color:#fff;
--tw-ring-color:rgb(51 127 189 / 0.5);
--tw-ring-offset-shadow:0 0 #0000;
--tw-ring-shadow:0 0 #0000;
--tw-shadow:0 0 #0000;
--tw-shadow-colored:0 0 #0000;
--tw-blur: ;
--tw-brightness: ;
--tw-contrast: ;
--tw-grayscale: ;
--tw-hue-rotate: ;
--tw-invert: ;
--tw-saturate: ;
--tw-sepia: ;
--tw-drop-shadow: ;
--tw-backdrop-blur: ;
--tw-backdrop-brightness: ;
--tw-backdrop-contrast: ;
--tw-backdrop-grayscale: ;
--tw-backdrop-hue-rotate: ;
--tw-backdrop-invert: ;
--tw-backdrop-opacity: ;
--tw-backdrop-saturate: ;
--tw-backdrop-sepia: ;
--tw-contain-size: ;
--tw-contain-layout: ;
--tw-contain-paint: ;
--tw-contain-style: ;
}

::backdrop{
--tw-border-spacing-x:0;
--tw-border-spacing-y:0;
--tw-translate-x:0;
--tw-translate-y:0;
--tw-rotate:0;
--tw-skew-x:0;
--tw-skew-y:0;
--tw-scale-x:1;
--tw-scale-y:1;
--tw-pan-x: ;
--tw-pan-y: ;
--tw-pinch-zoom: ;
--tw-scroll-snap-strictness:proximity;
--tw-gradient-from-position: ;
--tw-gradient-via-position: ;
--tw-gradient-to-position: ;
--tw-ordinal: ;
--tw-slashed-zero: ;
--tw-numeric-figure: ;
--tw-numeric-spacing: ;
--tw-numeric-fraction: ;
--tw-ring-inset: ;
--tw-ring-offset-width:0px;
--tw-ring-offset-color:#fff;
--tw-ring-color:rgb(51 127 189 / 0.5);
--tw-ring-offset-shadow:0 0 #0000;
--tw-ring-shadow:0 0 #0000;
--tw-shadow:0 0 #0000;
--tw-shadow-colored:0 0 #0000;
--tw-blur: ;
--tw-brightness: ;
--tw-contrast: ;
--tw-grayscale: ;
--tw-hue-rotate: ;
--tw-invert: ;
--tw-saturate: ;
--tw-sepia: ;
--tw-drop-shadow: ;
--tw-backdrop-blur: ;
--tw-backdrop-brightness: ;
--tw-backdrop-contrast: ;
--tw-backdrop-grayscale: ;
--tw-backdrop-hue-rotate: ;
--tw-backdrop-invert: ;
--tw-backdrop-opacity: ;
--tw-backdrop-saturate: ;
--tw-backdrop-sepia: ;
--tw-contain-size: ;
--tw-contain-layout: ;
--tw-contain-paint: ;
--tw-contain-style: ;
}"
`;

exports[`Garden TailwindCSS Plugin Theme applies themed values 1`] = `
"
        .custom-blue {
    --tw-text-opacity: 1;
    color: rgb(31 115 183 / var(--tw-text-opacity))
}
      "
`;
