// Jest Snapshot v1, https://goo.gl/fbAQLP

exports[`Theme matches expected values 1`] = `
Object {
  "borderColor": [Function],
  "borderRadius": Object {
    "default": "4px",
    "full": "9999px",
    "none": "0",
    "sm": "2px",
  },
  "borderWidth": Object {
    "0": "0",
    "2": "2px",
    "3": "3px",
    "4": "4px",
    "8": "8px",
    "default": "1px",
  },
  "boxShadow": [Function],
  "colors": Object {
    "azure": Object {
      "400": "#3091ec",
      "600": "#1371d6",
      "M400": "#5f8dcf",
      "M600": "#3a70b2",
    },
    "black": "#000",
    "blue": Object {
      "100": "#edf7ff",
      "200": "#cee2f2",
      "300": "#adcce4",
      "400": "#5293c7",
      "500": "#337fbd",
      "600": "#1f73b7",
      "700": "#144a75",
      "800": "#0f3554",
    },
    "crimson": Object {
      "400": "#e34f32",
      "600": "#c72a1c",
      "M400": "#cc6c5b",
      "M600": "#b24a3c",
    },
    "fuschia": Object {
      "400": "#d653c2",
      "600": "#a81897",
      "M400": "#cf62a8",
      "M600": "#a8458c",
    },
    "green": Object {
      "100": "#edf8f4",
      "200": "#d1e8df",
      "300": "#aecfc2",
      "400": "#5eae91",
      "500": "#228f67",
      "600": "#038153",
      "700": "#186146",
      "800": "#0b3b29",
    },
    "grey": Object {
      "100": "#f8f9f9",
      "200": "#e9ebed",
      "300": "#d8dcde",
      "400": "#c2c8cc",
      "500": "#87929d",
      "600": "#68737d",
      "700": "#49545c",
      "800": "#2f3941",
    },
    "kale": Object {
      "100": "#f5fcfc",
      "200": "#daeded",
      "300": "#bdd9d7",
      "400": "#90bbbb",
      "500": "#467b7c",
      "600": "#17494d",
      "700": "#03363d",
      "800": "#012b30",
    },
    "lemon": Object {
      "400": "#ffd424",
      "600": "#ffbb10",
      "M400": "#e7a500",
      "M600": "#c38f00",
    },
    "lime": Object {
      "400": "#43b324",
      "600": "#2e8200",
      "M400": "#519e2d",
      "M600": "#47782c",
    },
    "mint": Object {
      "400": "#00a656",
      "600": "#058541",
      "M400": "#299c66",
      "M600": "#2e8057",
    },
    "orange": Object {
      "400": "#de701d",
      "600": "#bf5000",
      "M400": "#d4772c",
      "M600": "#b35827",
    },
    "pink": Object {
      "400": "#ec4d63",
      "600": "#d42054",
      "M400": "#d57287",
      "M600": "#b23a5d",
    },
    "product": Object {
      "chat": "#f79a3e",
      "connect": "#eb6651",
      "explore": "#30aabc",
      "gather": "#e7afa2",
      "guide": "#eb4962",
      "message": "#37b8af",
      "sell": "#d4ae5e",
      "support": "#78a300",
      "talk": "#efc93d",
    },
    "purple": Object {
      "400": "#b552e2",
      "600": "#6a27b8",
      "M400": "#b072cc",
      "M600": "#9358b0",
    },
    "red": Object {
      "100": "#fff0f1",
      "200": "#f5d5d8",
      "300": "#f5b5ba",
      "400": "#e35b66",
      "500": "#d93f4c",
      "600": "#cc3340",
      "700": "#8c232c",
      "800": "#681219",
    },
    "royal": Object {
      "400": "#5d7df5",
      "600": "#3353e2",
      "M400": "#7986d8",
      "M600": "#4b61c3",
    },
    "teal": Object {
      "400": "#02a191",
      "600": "#028079",
      "M400": "#2d9e8f",
      "M600": "#3c7873",
    },
    "transparent": "transparent",
    "white": "#fff",
    "yellow": Object {
      "100": "#fff7ed",
      "200": "#ffeedb",
      "300": "#fed6a8",
      "400": "#ffb057",
      "500": "#f79a3e",
      "600": "#ed8f1c",
      "700": "#ad5918",
      "800": "#703815",
    },
  },
  "fontFamily": Object {
    "mono": Array [
      "SFMono-Regular",
      "Consolas",
      "\\"Liberation Mono\\"",
      "Menlo",
      "Courier",
      "monospace",
    ],
    "sans": Array [
      "system-ui",
      "-apple-system",
      "BlinkMacSystemFont",
      "\\"Segoe UI\\"",
      "Roboto",
      "Oxygen-Sans",
      "Ubuntu",
      "Cantarell",
      "\\"Helvetica Neue\\"",
      "Arial",
      "sans-serif",
    ],
  },
  "fontSize": Object {
    "2xl": "26px",
    "3xl": "36px",
    "base": "14px",
    "lg": "18px",
    "sm": "12px",
    "xl": "22px",
    "xs": "10px",
  },
  "fontWeight": Object {
    "black": 900,
    "bold": 700,
    "extrabold": 800,
    "extralight": 200,
    "light": 300,
    "medium": 500,
    "normal": 400,
    "semibold": 600,
    "thin": 100,
  },
  "lineHeight": Object {
    "2xl": "32px",
    "3xl": "44px",
    "lg": "24px",
    "md": "20px",
    "none": "1",
    "sm": "16px",
    "xl": "28px",
  },
  "screens": Object {
    "lg": "992px",
    "md": "768px",
    "sm": "576px",
    "xl": "1200px",
  },
  "spacing": Object {
    "0": "0",
    "1": "4px",
    "10": "40px",
    "12": "48px",
    "16": "64px",
    "2": "8px",
    "20": "80px",
    "24": "96px",
    "3": "12px",
    "32": "128px",
    "4": "16px",
    "40": "160px",
    "48": "192px",
    "5": "20px",
    "56": "224px",
    "6": "24px",
    "64": "256px",
    "7": "28px",
    "8": "32px",
    "9": "36px",
    "px": "1px",
  },
}
`;
